列出磁盘分区：
diskutil list
/dev/disk0 (internal, physical):
   #:                       TYPE NAME                    SIZE       IDENTIFIER
   0:      GUID_partition_scheme                        *512.1 GB   disk0
   1:                        EFI EFI                     209.7 MB   disk0s1
   2:                 Apple_APFS Container disk1         200.0 GB   disk0s2
   3:         Microsoft Reserved                         16.8 MB    disk0s3
   4:       Microsoft Basic Data BOOTCAMP                165.1 GB   disk0s4
   5:       Microsoft Basic Data                         146.8 GB   disk0s5

/dev/disk1 (synthesized):
   #:                       TYPE NAME                    SIZE       IDENTIFIER
   0:      APFS Container Scheme -                      +200.0 GB   disk1
                                 Physical Store disk0s2
   1:                APFS Volume Macintosh HD - 数据     18.3 GB    disk1s1
   2:                APFS Volume Preboot                 82.2 MB    disk1s2
   3:                APFS Volume Recovery                528.5 MB   disk1s3
   4:                APFS Volume VM                      2.1 GB     disk1s4
   5:                APFS Volume Macintosh HD            11.0 GB    disk1s5
gdisk安装

gdisk使用

bybird分区还protective分区？
应该是protective
在以下主分区的情况下，一个EFI
Number  Start (sector)    End (sector)  Size       Code  Name
   1              40          409639   200.0 MiB   EF00  EFI System Partition
   2          409640       391034631   186.3 GiB   AF0A  
   3       391034880       391067647   16.0 MiB    0C01  Microsoft reserved ...
   4       391067648       713494527   153.7 GiB   0700  Basic data partition
   5       713494528      1000214527   136.7 GiB   0700  Basic data partition
第二个是mac os的主分区，里面有很多逻辑分区
MBR与GPT结构
MBR=16Bx4(最大分区数）
扇区与MBR和GPT无关是一种磁盘结构固定512B。
GPT是以扇区为单位的。第一个扇区为兼容MBR不放东西，可以用来写MBR做混合分区，第二扇区是GPT表头，第三个扇区开始是GPT分区表，具体多少个扇区用来当分区表，要看表头中定义的分区数，一个分区占1/4的扇区。GPT和GUID是一个意思。
BIOS与EFI/UEFI

启动采用rEFInd

rEFInd 安装
重启 Mac，按住 Command+R 键直到 Apple logo 出现，进入 Recovery
在 Terminal 中输入 csrutil disable，关闭mac的完整性保护
重启 Mac
cd refind-bin-0.10
./refind-install
refind 美化

